
> build
> astro build

[2m09:26:37[22m [34m[vite][39m Re-optimizing dependencies because vite config has changed
[2m09:26:38[22m [34m[content][39m Syncing content
[2m09:26:38[22m [34m[content][39m Synced content
[2m09:26:38[22m [34m[types][39m Generated [2m1.19s[22m
[2m09:26:38[22m [34m[build][39m output: [34m"static"[39m
[2m09:26:38[22m [34m[build][39m mode: [34m"static"[39m
[2m09:26:38[22m [34m[build][39m directory: [34mD:\photo metadata remover\dist\[39m
[2m09:26:38[22m [34m[build][39m Collecting build info...
[2m09:26:38[22m [34m[build][39m [32m✓ Completed in 1.27s.[39m
[2m09:26:38[22m [34m[build][39m Building static entrypoints...
[2m09:26:40[22m [34m[vite][39m [32m✓ built in 1.58s[39m
[33m[1m09:26:40[22m [WARN] [vite][39m [33m[plugin builtin:vite-reporter] 
(!) Some chunks are larger than 500 kB after minification. Consider:
- Using dynamic import() to code-split the application
- Use build.rolldownOptions.output.codeSplitting to improve chunking: https://rolldown.rs/reference/OutputOptions.codeSplitting
- Adjust chunk size limit for this warning via build.chunkSizeWarningLimit.[39m
[2m09:26:40[22m [34m[vite][39m [32m✓ built in 229ms[39m
[2m09:26:40[22m [34m[build][39m Rearranging server assets...

[42m[30m generating static routes [39m[49m
[2m09:26:40[22m   [34m├─[39m [2m/en/about/index.html[22m [2m(+31ms)[22m 
[2m09:26:40[22m   [34m├─[39m [2m/de/about/index.html[22m [2m(+7ms)[22m 
[2m09:26:40[22m   [34m├─[39m [2m/fr/about/index.html[22m [2m(+6ms)[22m 
[2m09:26:40[22m   [34m├─[39m [2m/en/blog/what-is-photo-metadata/index.html[22m [2m(+27ms)[22m 
[2m09:26:40[22m   [34m├─[39m [2m/en/blog/what-is-exif-data/index.html[22m [2m(+5ms)[22m 
[2m09:26:40[22m   [34m├─[39m [2m/en/blog/can-photos-reveal-your-location/index.html[22m [2m(+5ms)[22m 
[2m09:26:40[22m   [34m├─[39m [2m/en/blog/how-to-remove-location-data-from-photos/index.html[22m [2m(+5ms)[22m 
[2m09:26:40[22m   [34m├─[39m [2m/en/blog/how-to-remove-exif-data/index.html[22m [2m(+6ms)[22m 
[2m09:26:40[22m   [34m├─[39m [2m/en/blog/does-instagram-remove-exif/index.html[22m [2m(+6ms)[22m 
[2m09:26:40[22m   [34m├─[39m [2m/en/blog/how-to-check-photo-metadata/index.html[22m [2m(+5ms)[22m 
[2m09:26:40[22m   [34m├─[39m [2m/en/blog/what-information-is-hidden-in-a-photo/index.html[22m [2m(+4ms)[22m 
[2m09:26:40[22m   [34m├─[39m [2m/en/blog/does-whatsapp-remove-exif-data/index.html[22m [2m(+24ms)[22m 
[2m09:26:40[22m   [34m├─[39m [2m/en/blog/how-to-remove-exif-data-on-iphone/index.html[22m [2m(+17ms)[22m 
[2m09:26:40[22m   [34m├─[39m [2m/en/blog/how-to-remove-exif-data-on-android/index.html[22m [2m(+14ms)[22m 
[2m09:26:40[22m   [34m├─[39m [2m/en/blog/iptc-vs-xmp-metadata-explained/index.html[22m [2m(+27ms)[22m 
[2m09:26:40[22m   [34m├─[39m [2m/de/blog/what-is-photo-metadata/index.html[22m [2m(+18ms)[22m 
[2m09:26:40[22m   [34m├─[39m [2m/de/blog/what-is-exif-data/index.html[22m [2m(+7ms)[22m 
[2m09:26:40[22m   [34m├─[39m [2m/de/blog/can-photos-reveal-your-location/index.html[22m [2m(+8ms)[22m 
[2m09:26:40[22m   [34m├─[39m [2m/de/blog/how-to-remove-location-data-from-photos/index.html[22m [2m(+20ms)[22m 
[2m09:26:40[22m   [34m├─[39m [2m/de/blog/how-to-remove-exif-data/index.html[22m [2m(+9ms)[22m 
[2m09:26:40[22m   [34m├─[39m [2m/de/blog/does-instagram-remove-exif/index.html[22m [2m(+8ms)[22m 
[2m09:26:40[22m   [34m├─[39m [2m/de/blog/how-to-check-photo-metadata/index.html[22m [2m(+4ms)[22m 
[2m09:26:40[22m   [34m├─[39m [2m/de/blog/what-information-is-hidden-in-a-photo/index.html[22m [2m(+4ms)[22m 
[2m09:26:40[22m   [34m├─[39m [2m/de/blog/does-whatsapp-remove-exif-data/index.html[22m [2m(+6ms)[22m 
[2m09:26:40[22m   [34m├─[39m [2m/de/blog/how-to-remove-exif-data-on-iphone/index.html[22m [2m(+7ms)[22m 
[2m09:26:40[22m   [34m├─[39m [2m/de/blog/how-to-remove-exif-data-on-android/index.html[22m [2m(+6ms)[22m 
[2m09:26:40[22m   [34m├─[39m [2m/de/blog/iptc-vs-xmp-metadata-explained/index.html[22m [2m(+10ms)[22m 
[2m09:26:40[22m   [34m├─[39m [2m/fr/blog/what-is-photo-metadata/index.html[22m [2m(+12ms)[22m 
[2m09:26:40[22m   [34m├─[39m [2m/fr/blog/what-is-exif-data/index.html[22m [2m(+4ms)[22m 
[2m09:26:40[22m   [34m├─[39m [2m/fr/blog/can-photos-reveal-your-location/index.html[22m [2m(+4ms)[22m 
[2m09:26:40[22m   [34m├─[39m [2m/fr/blog/how-to-remove-location-data-from-photos/index.html[22m [2m(+7ms)[22m 
[2m09:26:40[22m   [34m├─[39m [2m/fr/blog/how-to-remove-exif-data/index.html[22m [2m(+5ms)[22m 
[2m09:26:40[22m   [34m├─[39m [2m/fr/blog/does-instagram-remove-exif/index.html[22m [2m(+5ms)[22m 
[2m09:26:40[22m   [34m├─[39m [2m/fr/blog/how-to-check-photo-metadata/index.html[22m [2m(+7ms)[22m 
[2m09:26:40[22m   [34m├─[39m [2m/fr/blog/what-information-is-hidden-in-a-photo/index.html[22m [2m(+7ms)[22m 
[2m09:26:40[22m   [34m├─[39m [2m/fr/blog/does-whatsapp-remove-exif-data/index.html[22m [2m(+8ms)[22m 
[2m09:26:40[22m   [34m├─[39m [2m/fr/blog/how-to-remove-exif-data-on-iphone/index.html[22m [2m(+4ms)[22m 
[2m09:26:40[22m   [34m├─[39m [2m/fr/blog/how-to-remove-exif-data-on-android/index.html[22m [2m(+4ms)[22m 
[2m09:26:40[22m   [34m├─[39m [2m/fr/blog/iptc-vs-xmp-metadata-explained/index.html[22m [2m(+5ms)[22m 
[2m09:26:40[22m   [34m├─[39m [2m/en/blog/index.html[22m [2m(+7ms)[22m 
[2m09:26:40[22m   [34m├─[39m [2m/de/blog/index.html[22m [2m(+22ms)[22m 
[2m09:26:40[22m   [34m├─[39m [2m/fr/blog/index.html[22m [2m(+6ms)[22m 
[2m09:26:40[22m   [34m├─[39m [2m/en/contact/index.html[22m [2m(+4ms)[22m 
[2m09:26:40[22m   [34m├─[39m [2m/de/contact/index.html[22m [2m(+6ms)[22m 
[2m09:26:40[22m   [34m├─[39m [2m/fr/contact/index.html[22m [2m(+9ms)[22m 
[2m09:26:40[22m   [34m├─[39m [2m/en/faq/index.html[22m [2m(+9ms)[22m 
[2m09:26:40[22m   [34m├─[39m [2m/de/faq/index.html[22m [2m(+6ms)[22m 
[2m09:26:40[22m   [34m├─[39m [2m/fr/faq/index.html[22m [2m(+4ms)[22m 
[2m09:26:40[22m   [34m├─[39m [2m/en/formats/index.html[22m [2m(+6ms)[22m 
[2m09:26:40[22m   [34m├─[39m [2m/de/formats/index.html[22m [2m(+5ms)[22m 
[2m09:26:40[22m   [34m├─[39m [2m/fr/formats/index.html[22m [2m(+5ms)[22m 
[2m09:26:40[22m   [34m├─[39m [2m/en/guides/what-is-exif/index.html[22m [2m(+4ms)[22m 
[2m09:26:40[22m   [34m├─[39m [2m/en/guides/gps-privacy/index.html[22m [2m(+5ms)[22m 
[2m09:26:40[22m   [34m├─[39m [2m/en/guides/social-media/index.html[22m [2m(+4ms)[22m 
[2m09:26:40[22m   [34m├─[39m [2m/de/guides/what-is-exif/index.html[22m [2m(+4ms)[22m 
[2m09:26:40[22m   [34m├─[39m [2m/de/guides/gps-privacy/index.html[22m [2m(+3ms)[22m 
[2m09:26:40[22m   [34m├─[39m [2m/de/guides/social-media/index.html[22m [2m(+3ms)[22m 
[2m09:26:40[22m   [34m├─[39m [2m/fr/guides/what-is-exif/index.html[22m [2m(+6ms)[22m 
[2m09:26:40[22m   [34m├─[39m [2m/fr/guides/gps-privacy/index.html[22m [2m(+5ms)[22m 
[2m09:26:40[22m   [34m├─[39m [2m/fr/guides/social-media/index.html[22m [2m(+4ms)[22m 
[2m09:26:40[22m   [34m├─[39m [2m/en/guides/index.html[22m [2m(+7ms)[22m 
[2m09:26:40[22m   [34m├─[39m [2m/de/guides/index.html[22m [2m(+3ms)[22m 
[2m09:26:40[22m   [34m├─[39m [2m/fr/guides/index.html[22m [2m(+3ms)[22m 
[2m09:26:40[22m   [34m├─[39m [2m/en/how-it-works/index.html[22m [2m(+5ms)[22m 
[2m09:26:40[22m   [34m├─[39m [2m/de/how-it-works/index.html[22m [2m(+6ms)[22m 
[2m09:26:41[22m   [34m├─[39m [2m/fr/how-it-works/index.html[22m [2m(+4ms)[22m 
[2m09:26:41[22m   [34m├─[39m [2m/en/impressum/index.html[22m [2m(+5ms)[22m 
[2m09:26:41[22m   [34m├─[39m [2m/de/impressum/index.html[22m [2m(+5ms)[22m 
[2m09:26:41[22m   [34m├─[39m [2m/fr/impressum/index.html[22m [2m(+5ms)[22m 
[2m09:26:41[22m   [34m├─[39m [2m/en/legal/index.html[22m [2m(+4ms)[22m 
[2m09:26:41[22m   [34m├─[39m [2m/de/legal/index.html[22m [2m(+6ms)[22m 
[2m09:26:41[22m   [34m├─[39m [2m/fr/legal/index.html[22m [2m(+6ms)[22m 
[2m09:26:41[22m   [34m├─[39m [2m/en/privacy/index.html[22m [2m(+14ms)[22m 
[2m09:26:41[22m   [34m├─[39m [2m/de/privacy/index.html[22m [2m(+5ms)[22m 
[2m09:26:41[22m   [34m├─[39m [2m/fr/privacy/index.html[22m [2m(+6ms)[22m 
[2m09:26:41[22m   [34m├─[39m [2m/en/remove-exif-data/index.html[22m [2m(+14ms)[22m 
[2m09:26:41[22m   [34m├─[39m [2m/de/remove-exif-data/index.html[22m [2m(+11ms)[22m 
[2m09:26:41[22m   [34m├─[39m [2m/fr/remove-exif-data/index.html[22m [2m(+7ms)[22m 
[2m09:26:41[22m   [34m├─[39m [2m/en/remove-gps-data/index.html[22m [2m(+10ms)[22m 
[2m09:26:41[22m   [34m├─[39m [2m/de/remove-gps-data/index.html[22m [2m(+7ms)[22m 
[2m09:26:41[22m   [34m├─[39m [2m/fr/remove-gps-data/index.html[22m [2m(+8ms)[22m 
[2m09:26:41[22m   [34m├─[39m [2m/en/remove-metadata-heic/index.html[22m [2m(+30ms)[22m 
[2m09:26:41[22m   [34m├─[39m [2m/de/remove-metadata-heic/index.html[22m [2m(+7ms)[22m 
[2m09:26:41[22m   [34m├─[39m [2m/fr/remove-metadata-heic/index.html[22m [2m(+9ms)[22m 
[2m09:26:41[22m   [34m├─[39m [2m/en/security/index.html[22m [2m(+6ms)[22m 
[2m09:26:41[22m   [34m├─[39m [2m/de/security/index.html[22m [2m(+4ms)[22m 
[2m09:26:41[22m   [34m├─[39m [2m/fr/security/index.html[22m [2m(+3ms)[22m 
[2m09:26:41[22m   [34m├─[39m [2m/en/terms/index.html[22m [2m(+6ms)[22m 
[2m09:26:41[22m   [34m├─[39m [2m/de/terms/index.html[22m [2m(+2ms)[22m 
[2m09:26:41[22m   [34m├─[39m [2m/fr/terms/index.html[22m [2m(+4ms)[22m 
[2m09:26:41[22m   [34m├─[39m [2m/en/view-photo-metadata/index.html[22m [2m(+10ms)[22m 
[2m09:26:41[22m   [34m├─[39m [2m/de/view-photo-metadata/index.html[22m [2m(+6ms)[22m 
[2m09:26:41[22m   [34m├─[39m [2m/fr/view-photo-metadata/index.html[22m [2m(+6ms)[22m 
[2m09:26:41[22m   [34m├─[39m [2m/en/index.html[22m [2m(+10ms)[22m 
[2m09:26:41[22m   [34m├─[39m [2m/de/index.html[22m [2m(+9ms)[22m 
[2m09:26:41[22m   [34m├─[39m [2m/fr/index.html[22m [2m(+8ms)[22m 
[2m09:26:41[22m   [34m├─[39m [2m/index.html[22m [2m(+7ms)[22m 
[2m09:26:41[22m [32m✓ Completed in 888ms.
[39m
[2m09:26:41[22m [34m[build][39m [32m✓ Completed in 2.82s.[39m
[2m09:26:41[22m [34m[build][39m 97 page(s) built in [1m4.12s[22m
[2m09:26:41[22m [34m[build][39m [1mComplete![22m
